CUFLUX 'UFLUX ' 'UM 002L1 ' 'Zonal Wind Surface Stress (N/m^2)' 'N/m2 '
CVFLUX 'VFLUX ' 'VM 001L1 ' 'Meridional Wind Surface Stress (N/m^2)' 'N/m2 '
CHFLUX 'HFLUX ' 'SM L1 ' 'Sensible Heat Flux (pos.upwrd) (W/m^2)' 'watt/m2 '
CEFLUX 'EFLUX ' 'SM L1 ' 'Latent Heat Flux (pos.upwrd) (W/m^2)' 'watt/m2 '
CQICE 'QICE ' 'SM L1 ' 'Heat Conduction through Sea-Ice (W/m^2)' 'watt/m2 '
CRADLWG 'RADLWG ' 'SM L1 ' 'Net Upward Longwave Flux at the Ground (W/m^2)' 'watt/m2 '
CRADSWG 'RADSWG ' 'SM P L1 ' 'Net Downward Shortwave Flux at the Ground (W/m^2)' 'watt/m2 '
CRI 'RI ' 'SM LL ' 'Richardson Number (non-dimensional)' 'non-dimensional '
CCT 'CT ' 'SM L1 ' 'Surface Drag Coef for Scalars (non-dimensional)' 'non-dimensional '
CCU 'CU ' 'SM L1 ' 'Surface Drag Coef for Winds (non-dimensional)' 'non-dimensional '
CKM 'KM ' 'SM LL ' 'Eddy Diffusivity Coefficient for Momentum (m^2/s)' 'm2/sec '
CKH 'KH ' 'SM LL ' 'Eddy Diffusivity Coefficient for Scalars (m^2/s)' 'm2/sec '
CTURBU 'TURBU ' 'UM 014ML ' 'Zonal Wind Tendency from Turbulence (m/s/day)' 'm/s/day '
CTURBV 'TURBV ' 'VM 013ML ' 'Meridional Wind Tendency from Turbulence (m/s/day)' 'm/s/day '
CTURBT 'TURBT ' 'SM ML ' 'Temperature Tendency from Turbulence (K/day)' 'K/day '
CTURBQ 'TURBQ ' 'SM ML ' 'Specific Humidity Tendency from Turbulence (g/kg/day)' 'gram/kg/day '
CMOISTT 'MOISTT ' 'SM ML ' 'Temperature Tendency due to Moist Processes (K/day)' 'K/day '
CMOISTQ 'MOISTQ ' 'SM ML ' 'Specific Humidity Tendency due to Moist Processes (g/kg/day)' 'gram/kg/day '
CRADLW 'RADLW ' 'SM ML ' 'Temperature Tendency due to Longwave Radiation (K/day)' 'K/day '
CRADSW 'RADSW ' 'SM P ML ' 'Temperature Tendency due to Shortwave Radiation (K/day)' 'K/day '
CPREACC 'PREACC ' 'SM P L1 ' 'Total Precipitation (mm/day)' 'mm/day '
CPRECON 'PRECON ' 'SM P L1 ' 'Convective Precipitation (mm/day)' 'mm/day '
CTUFLUX 'TUFLUX ' 'UM 024LL ' 'Turbulent Flux of Zonal Momentum (N/m^2)' 'N/m2 '
CTVFLUX 'TVFLUX ' 'VM 023LL ' 'Turbulent Flux of Meridional Momentum (N/m^2)' 'N/m2 '
CTTFLUX 'TTFLUX ' 'SM LL ' 'Turbulent Flux of Sensible Heat (W/m^2)' 'watt/m2 '
CTQFLUX 'TQFLUX ' 'SM LL ' 'Turbulent Flux of Latent Heat (W/m^2)' 'watt/m2 '
CCN 'CN ' 'SM L1 ' 'Neutral Drag Coefficient (non-dimensional)' 'non-dimensional '
CWINDS 'WINDS ' 'SM L1 ' 'Surface Wind Speed (m/s)' 'm/sec '
CDTSRF 'DTSRF ' 'SM L1 ' 'Air/Surface Virtual Temperature Difference (deg K)' 'K '
CTGROUND 'TGROUND ' 'SM L1 ' 'Ground Temperature (deg K)' 'K '
CTS 'TS ' 'SM L1 ' 'Surface Air Temperature (deg K)' 'K '
CDTG 'DTG ' 'SM L1 ' 'Ground Temperature Adjustment (deg K)' 'K '
CQG 'QG ' 'SM P L1 ' 'Ground Specific Humidity (g/kg)' 'gram/kg '
CQS 'QS ' 'SM P L1 ' 'Saturation Surface Specific Humidity (g/kg)' 'gram/kg '
CTGRLW 'TGRLW ' 'SM L1 ' 'Ground Temperature used by LW Radiation (deg K)' 'K '
CLWGUP 'LWGUP ' 'SM L1 ' 'Upward Longwave Radiation at the Ground (W/m^2)' 'watt/m2 '
COLR 'OLR ' 'SM U1 ' 'Outgoing Longwave Radiation (W/m^2)' 'watt/m2 '
COLRCLR 'OLRCLR ' 'SM U1 ' 'Clear Sky Outgoing Longwave Radiation (W/m^2)' 'watt/m2 '
CLWGCLR 'LWGCLR ' 'SM L1 ' 'Clear Sky Net Longwave Flux at the Ground (W/m^2)' 'watt/m2 '
CLWCLR 'LWCLR ' 'SM ML ' 'Clear Sky Longwave Radiation Heating Rates (K/day)' 'K/day '
CTLW 'TLW ' 'SM ML ' 'Temperature used by Radiation (deg K)' 'K '
CSHRAD 'SHRAD ' 'SM P ML ' 'Specific Humidity used by Radiation (g/kg)' 'gram/kg '
COZLW 'OZLW ' 'SM ML ' 'Ozone mixing ratio used by Longwave Radiation (non-dimensional)' 'non-dimensional '
CCLDRAS 'CLDRAS ' 'SM P ML ' 'Convective Cloud Fraction (0-1)' '0-1 '
CCLDTOT 'CLDTOT ' 'SM P ML ' '3-D Total Cloud Fraction (0-1)' '0-1 '
CLWGDOWN 'LWGDOWN ' 'SM L1 ' 'Downward Longwave Radiation at the Ground (W/m^2)' 'watt/m2 '
CGWDT 'GWDT ' 'SM ML ' 'Temperature Tendency due to Gravity Wave Drag (K/day)' 'K/day '
CRADSWT 'RADSWT ' 'SM P U1 ' 'Incident Shortwave Radiation at TOA (W/m^2)' 'watt/m2 '
CTAUCLD 'TAUCLD ' 'SM C050ML ' 'Counted Cloud Optical Depth (non-dimensional) per 100 mb' 'non-dimensional '
CTAUCLDC 'TAUCLDC ' 'SM D ML ' 'Cloud Optical Depth Counter' 'count '
CCLDLOW 'CLDLOW ' 'SM P M1 ' 'Low-Level ( 1000-700 hPa) Cloud Fraction (0-1)' '0-1 '
CEVAP 'EVAP ' 'SM L1 ' 'Surface Evaporation (mm/day)' 'mm/day '
CDPDT 'DPDT ' 'SM L1 ' 'Surface Pressure Tendency (hPa/day)' 'hPa/day '
CUAVE 'UAVE ' 'UU 055MR ' 'Average Zonal Wind (m/s)' 'm/s '
CVAVE 'VAVE ' 'VV 054MR ' 'Average Meridional Wind (m/s)' 'm/s '
CTAVE 'TAVE ' 'SM MR ' 'Average Potential Temperature (K)' 'K '
CQAVE 'QAVE ' 'SM MR ' 'Average Specific Humidity (g/kg)' 'gram/kg '
COMEGA 'OMEGA ' 'SM ML ' 'Vertical Velocity (hPa/day)' 'hPa/day '
CDUDT 'DUDT ' 'UU 060ML ' 'Total Zonal Wind Tendency (m/s/day)' 'm/s/day '
CDVDT 'DVDT ' 'VV 059ML ' 'Total Meridional Wind Tendency (m/s/day)' 'm/s/day '
CDTDT 'DTDT ' 'SM ML ' 'Total Temperature Tendency (K/day)' 'K/day '
CDQDT 'DQDT ' 'SM ML ' 'Total Specific Humidity Tendency (g/kg/day)' 'gram/kg/day '
CVORT 'VORT ' 'SM ML ' 'Relative Vorticity (x10^-4 sec^-1)' '(e-4 sec-1) '
CPSIGDOT 'PSIGDOT ' 'SM LL ' 'Pi-Weighted Vertical Sigma Velocity (hPa/day)' 'hPa/day '
CDTLS 'DTLS ' 'SM ML ' 'Temperature Tendency due to Stratiform Processes (K/day)' 'K/day '
CDQLS 'DQLS ' 'SM ML ' 'Specific Humidity Tendency from Stratiform Processes (g/kg/day)' 'gram/kg/day '
CUSTAR 'USTAR ' 'SM L1 ' 'Friction Velocity (m/s)' 'm/sec '
CZ0 'Z0 ' 'SM L1 ' 'Surface Roughness Z0 (m)' 'm '
CFRQTRB 'FRQTRB ' 'SM P MM ' 'Frequency of Turbulence (0-1)' '0-1 '
CPBL 'PBL ' 'SM P M1 ' 'Estimated PBL Depth (hPa)' 'hPa '
CSWCLR 'SWCLR ' 'SM P ML ' 'Clear Sky Shortwave Heating Rates (K/day)' 'K/day '
COSR 'OSR ' 'SM P U1 ' 'Outgoing Shortwave Radiation (W/m^2)' 'watt/m2 '
COSRCLR 'OSRCLR ' 'SM P U1 ' 'Clear Sky Outgoing Shortwave Radiation (W/m^2)' 'watt/m2 '
CCLDMAS 'CLDMAS ' 'SM P LL ' 'Cloud Mass Flux (g/m^2/sec)' 'g/m2/sec '
CUWND 'UWND ' 'UU 076ML ' 'Time-Averaged Zonal Wind (m/s)' 'm/sec '
CVWND 'VWND ' 'VV 075ML ' 'Time-Averaged Meridional Wind (m/s)' 'm/sec '
CTMPU 'TMPU ' 'SM ML ' 'Time-Averaged Temperature (deg K)' 'K '
CSPHU 'SPHU ' 'SM P ML ' 'Time-Averaged Specific Humidity (g/kg)' 'gram/kg '
CRFT 'RFT ' 'SM ML ' 'Temperature Tendency due to Rayleigh Friction (K/day)' 'K/day '
CPS 'PS ' 'SM L1 ' 'Time-Averaged Surface Pressure (hPa)' 'hPa '
CTKE 'TKE ' 'SM P LL ' 'Time-Averaged Turbulent Kinetic Energy (m/s)^2' '(m/sec)2 '
CSWGCLR 'SWGCLR ' 'SM P L1 ' 'Clear Sky Net Downward SW Radiation at the Ground (W/m^2)' 'watt/m2 '
CPAVE 'PAVE ' 'SM L1 ' 'Average Surface Pressure (hPa)' 'hPa/day '
CSDIAG1 'SDIAG1 ' 'SM L1 ' 'User-Defined Surface Diagnostic #1' 'user-defined '
CSDIAG2 'SDIAG2 ' 'SM L1 ' 'User-Defined Surface Diagnostic #2' 'user-defined '
CUDIAG1 'UDIAG1 ' 'SM ML ' 'User-Defined Upper-Air Diagnostic #1' 'user-defined '
CUDIAG2 'UDIAG2 ' 'SM ML ' 'User-Defined Upper-Air Diagnostic #2' 'user-defined '
CDIABU 'DIABU ' 'UU 089ML ' 'Zonal Wind Tendency due to Diabatic Forcing (m/s/day)' 'm/s/day '
CDIABV 'DIABV ' 'VV 088ML ' 'Meridional Wind Tendency due to Diabatic Forcing (m/s/day)' 'm/s/day '
CDIABT 'DIABT ' 'SM ML ' 'Temperature Tendency due to Diabatic Forcing (K/day)' 'K/day '
CDIABQ 'DIABQ ' 'SM ML ' 'Specific Humidity Tendency due to Diabatic Forcing (g/kg/day)' 'gram/kg/day '
CRFU 'RFU ' 'UU 093ML ' 'Zonal Wind Tendency due to Rayleigh Friction (m/s/day)' 'm/s/day '
CRFV 'RFV ' 'VV 092ML ' 'Meridional Wind Tendency due to Rayleigh Friction (m/s/day)' 'm/s/day '
CGWDU 'GWDU ' 'UM 095ML ' 'Zonal Wind Tendency due to Gravity Wave Drag (m/s/day)' 'm/s/day '
CGWDV 'GWDV ' 'VM 094ML ' 'Meridional Wind Tendency due to Gravity Wave Drag (m/s/day)' 'm/s/day '
CGWDUS 'GWDUS ' 'UM 097L1 ' 'Zonal Wind Gravity Wave Surface Stress (N/m^2)' 'N/m2 '
CGWDVS 'GWDVS ' 'VM 096L1 ' 'Meridional Wind Gravity Wave Surface Stress (N/m^2)' 'N/m2 '
CGWDUT 'GWDUT ' 'UM 099U1 ' 'Zonal Wind Gravity Wave Stress at Model Top (N/m^2)' 'N/m2 '
CGWDVT 'GWDVT ' 'VM 098U1 ' 'Meridional Wind Gravity Wave Stress at Model Top (N/m^2)' 'N/m2 '
CLZRAD 'LZRAD ' 'SM ML ' 'Estimated Cloud Liquid Water used in Radiation (mg/kg)' 'mg/kg '
CSLP 'SLP ' 'SM L1 ' 'Time-Averaged Sea-Level Pressure (mb)' 'hPa '
CVAVEUQ 'VAVEUQ ' 'UM 103M1 ' 'Vertically Averaged UWND*SPHU (m/s g/kg)' 'm/s gram/kg '
CVAVEVQ 'VAVEVQ ' 'VM 102M1 ' 'Vertically Averaged VWND*SPHU (m/s g/kg)' 'm/s gram/kg '
CVAVEUT 'VAVEUT ' 'UM 105M1 ' 'Vertically Averaged UWND*TMPU (m/s deg K)' 'm/s K '
CVAVEVT 'VAVEVT ' 'VM 104M1 ' 'Vertically Averaged VWND*TMPU (m/s deg K)' 'm/s K '
CCLDFRC 'CLDFRC ' 'SM P M1 ' '2-D Total Cloud Fraction (0-1)' '0-1 '
CTPW 'TPW ' 'SM P M1 ' 'Total Precipitable Water (g/cm^2)' 'gram/cm2 '
CU2M 'U2M ' 'UM 109M1 ' 'Zonal Wind Interpolated to 2 Meters (m/s)' 'm/sec '
CV2M 'V2M ' 'VM 108M1 ' 'Meridional Wind Interpolated to 2 Meters (m/s)' 'm/sec '
CT2M 'T2M ' 'SM M1 ' 'Temperature Interpolated to 2 Meters (deg K)' 'K '
CQ2M 'Q2M ' 'SM P M1 ' 'Specific Humidity Interpolated to 2 Meters (g/kg)' 'gram/kg '
CU10M 'U10M ' 'UM 113M1 ' 'Zonal Wind Interpolated to 10 Meters (m/s)' 'm/sec '
CV10M 'V10M ' 'VM 112M1 ' 'Meridional Wind Interpolated to 10 Meters (m/s)' 'm/sec '
CT10M 'T10M ' 'SM M1 ' 'Temperature Interpolated to 10 Meters (deg K)' 'K '
CQ10M 'Q10M ' 'SM P M1 ' 'Specific Humidity Interpolated to 10 Meters (g/kg)' 'gram/kg '
CDTRAIN 'DTRAIN ' 'SM P LL ' 'Detrainment Cloud Mass Flux (g/m^2/sec)' 'g/m2/sec '
CQFILL 'QFILL ' 'SM ML ' 'Filling of Negative Specific Humidity (g/kg/day)' 'gram/kg/day '
CVAVEQAVE 'VAVEQAVE' 'SM M1 ' 'Vertically Averaged QAVE (mm/day)' 'mm/day '
CVAVEQFIL 'VAVEQFIL' 'SM P L1 ' 'Vertically Averaged QFILL (mm/day)' 'mm/day '
CSHAPU 'SHAPU ' 'UU 121ML ' 'Zonal Wind Tendency due to Shapiro Filter (m/s/day)' 'm/s/day '
CSHAPV 'SHAPV ' 'VV 120ML ' 'Meridional Wind Tendency due to Shapiro Filter (m/s/day)' 'm/s/day '
CSHAPT 'SHAPT ' 'SM ML ' 'Temperature Tendency due to Shapiro Filter (K/day)' 'K/day '
CSHAPQ 'SHAPQ ' 'SM ML ' 'Specific Humidity Tendency due to Shapiro Filter (g/kg/day)' 'gram/kg/day '
CSDIAG3 'SDIAG3 ' 'SM L1 ' 'User-Defined Surface Diagnostic #3 ' 'user-defined '
CSDIAG4 'SDIAG4 ' 'SM L1 ' 'User-Defined Surface Diagnostic #4 ' 'user-defined '
CSDIAG5 'SDIAG5 ' 'SM L1 ' 'User-Defined Surface Diagnostic #5 ' 'user-defined '
CSDIAG6 'SDIAG6 ' 'SM L1 ' 'User-Defined Surface Diagnostic #6 ' 'user-defined '
CSDIAG7 'SDIAG7 ' 'SM L1 ' 'User-Defined Surface Diagnostic #7 ' 'user-defined '
CSDIAG8 'SDIAG8 ' 'SM L1 ' 'User-Defined Surface Diagnostic #8 ' 'user-defined '
CSDIAG9 'SDIAG9 ' 'SM L1 ' 'User-Defined Surface Diagnostic #9 ' 'user-defined '
CSDIAG10 'SDIAG10 ' 'SM L1 ' 'User-Defined Surface Diagnostic #10 ' 'user-defined '
CUDIAG3 'UDIAG3 ' 'SM ML ' 'User-Defined Upper-Air Diagnostic #3 ' 'user-defined '
CUDIAG4 'UDIAG4 ' 'SM ML ' 'User-Defined Upper-Air Diagnostic #4 ' 'user-defined '
CUDIAG5 'UDIAG5 ' 'SM ML ' 'User-Defined Upper-Air Diagnostic #5 ' 'user-defined '
CUDIAG6 'UDIAG6 ' 'SM ML ' 'User-Defined Upper-Air Diagnostic #6 ' 'user-defined '
CUDIAG7 'UDIAG7 ' 'SM ML ' 'User-Defined Upper-Air Diagnostic #7 ' 'user-defined '
CUDIAG8 'UDIAG8 ' 'SM ML ' 'User-Defined Upper-Air Diagnostic #8 ' 'user-defined '
CUDIAG9 'UDIAG9 ' 'SM ML ' 'User-Defined Upper-Air Diagnostic #9 ' 'user-defined '
CUDIAG10 'UDIAG10 ' 'SM ML ' 'User-Defined Upper-Air Diagnostic #10 ' 'user-defined '
CCLDMID 'CLDMID ' 'SM P M1 ' 'Mid-Level (700-400 hPa) Cloud Fraction (0-1)' '0-1 '
CCLDHI 'CLDHI ' 'SM P M1 ' 'High-Level (above 400 hPa) Cloud Fraction (0-1)' '0-1 '
CTAULOW 'TAULOW ' 'SM PC150M1 ' 'Low-Level (1000-700 hPa) Optical Depth' 'non-dimensional '
CTAUMID 'TAUMID ' 'SM PC151M1 ' 'Mid-Level (700-400 hPa) Optical Depth' 'non-dimensional '
CTAUHI 'TAUHI ' 'SM PC152M1 ' 'High-Level (above 400 hPa) Optical Depth' 'non-dimensional '
CCLDNP 'CLDNP ' 'SM ML ' 'Non-Precipitating Cloud Fraction (0-1)' '0-1 '
CCLDPRS 'CLDPRS ' 'SM PC147M1 ' 'Cloud Top Pressure (when cloudy) (hPa)' 'hPa '
CCTPCNT 'CTPCNT ' 'SM D M1 ' 'Cloud Top Pressure Counter' 'count '
CCLDTMP 'CLDTMP ' 'SM PC149M1 ' 'Cloud Top Temperature (when cloudy) (deg K)' 'K '
CCTTCNT 'CTTCNT ' 'SM D M1 ' 'Cloud Top Temperature Counter' 'count '
CTAULOWC 'TAULOWC ' 'SM D M1 ' 'Low-Level Optical Depth Counter' 'count '
CTAUMIDC 'TAUMIDC ' 'SM D M1 ' 'Mid-Level Optical Depth Counter' 'count '
CTAUHIC 'TAUHIC ' 'SM D M1 ' 'High-Level Optical Depth Counter' 'count '
CTCANOPY 'TCANOPY ' 'SM L1 ' 'Skin Temperature of the Canopy/Soil (SST over water) (deg K)' 'K '
CTDEEP 'TDEEP ' 'SM L1 ' 'Deep Soil Temperature (deg K)' 'K '
CQCANOPY 'QCANOPY ' 'SM L1 ' 'Specific Humidity of the Canopy (g/kg)' 'gram/kg '
CSMSHAL 'SMSHAL ' 'SM L1 ' 'Soil Moisture Field Capacity Fraction in Shallow (5 mm) Layer' '0-1 '
CSMROOT 'SMROOT ' 'SM L1 ' 'Soil Moisture Field Capacity Fraction in Root Zone' '0-1 '
CSMDEEP 'SMDEEP ' 'SM L1 ' 'Soil Moisture Field Capacity Fraction in Recharge Layer ' '0-1 '
CCAPACITY 'CAPACITY' 'SM L1 ' 'Canopy Interception Reservoir (mm)' 'mm '
CSNOW 'SNOW ' 'SM L1 ' 'Snow Depth (mm water equivalent)' 'mm water equiv '
CRAINCON 'RAINCON ' 'SM L1 ' 'Convective Rainfall (liquid precipitate) (mm/day)' 'mm/day '
CRAINLSP 'RAINLSP ' 'SM L1 ' 'Large-scale Rainfall (liquid precipitate) (mm/day)' 'mm/day '
CSNOWFALL 'SNOWFALL' 'SM P L1 ' 'Total Snowfall (solid precipitate) (mm/day)' 'mm/day '
CRUNOFF 'RUNOFF ' 'SM L1 ' 'Water from precipitation not infiltrated into soil (mm/s)' 'mm/sec '
CFWSOIL 'FWSOIL ' 'SM L1 ' 'Rainwater Infiltration into top soil layer (mm/s)' 'mm/sec '
CGDRAIN 'GDRAIN ' 'SM L1 ' 'Diffusion of Moisture across bottom of root zone (mm/s)' 'mm/sec '
CSNOWMELT 'SNOWMELT' 'SM L1 ' 'Rate of Snow Melt (mm/s)' 'mm/sec '
CERESV 'ERESV ' 'SM L1 ' 'Latent Heat Flux from Canopy Interception Reservoir (W/m^2)' 'watt/m2 '
CESOIL 'ESOIL ' 'SM L1 ' 'Latent Heat Flux from Bare Soil (W/m^2)' 'watt/m2 '
CEVEG 'EVEG ' 'SM L1 ' 'Latent Heat Flux (Transpiration) from Vegetated Surface (W/m^2)' 'watt/m2 '
CESNOW 'ESNOW ' 'SM L1 ' 'Latent Heat Flux from Snow Pack (W/m^2)' 'watt/m2 '
CPARDF 'PARDF ' 'SM P L1 ' 'Diffuse-beam Photosynthetically Active Radiation (W/m^2)' 'watt/m2 '
CPARDR 'PARDR ' 'SM P L1 ' 'Direct-beam Photosynthetically Active Radiation (W/m^2)' 'watt/m2 '
CLAI 'LAI ' 'SM L1 ' 'Leaf Area Index (%)' 'percent '
CGREEN 'GREEN ' 'SM L1 ' 'Green-ness Index (%)' 'percent '
CDLWDTC 'DLWDTC ' 'SM L1 ' 'Derivative of Upward LW Radiation wrt TCANOPY (W/m^2 /deg K)' 'watt/m2/K '
CDHDTC 'DHDTC ' 'SM L1 ' 'Derivative of Sensible Heat Flux wrt TCANOPY (W/m^2 /deg K)' 'watt/m2/K '
CDEDTC 'DEDTC ' 'SM L1 ' 'Derivative of Latent Heat Flux wrt TCANOPY (W/m^2 /deg K)' 'watt/m2/K '
CVDTMOIST 'VDTMOIST' 'SM M1 ' 'Vertically Averaged MOISTT (K/day)' 'K/day '
CVDTTURB 'VDTTURB ' 'SM M1 ' 'Vertically Averaged TURBT (K/day)' 'K/day '
CVDTRADLW 'VDTLWRAD' 'SM M1 ' 'Vertically Averaged RADLW (K/day)' 'K/day '
CVDTRADSW 'VDTSWRAD' 'SM P M1 ' 'Vertically Averaged RADSW (K/day)' 'K/day '
CVAVETAVE 'VAVETAVE' 'SM M1 ' 'Vertically Averaged TAVE (K/day)' 'K/day '
CPSUBCLD 'PSUBCLD ' 'SM PC185M1 ' 'Pressure Thickness of the RAS Subcloud Layer (mb)' 'hPa '
CPSUBCLDC 'PSUBCLDC' 'SM PD M1 ' 'Pressure Thickness of the RAS Subcloud Layer Counter' 'count '
CLCL 'LCL ' 'SM L1 ' 'Lifting Condensation Level (mb) ' 'hPa '
CSDIAGC 'SDIAGC ' 'SM C188L1 ' 'User-Defined Counted Surface Diagnostic ' 'user-defined '
CSDIAGCC 'SDIAGCC ' 'SM D L1 ' 'User-Defined Counted Surface Diagnostic Counter' 'count '
CEMPTY 'EMPTY ' ' 0 ' ' ' ' '
CEVPOT 'EVPOT ' 'SM L1 ' 'Potential Evapotranspiration (W/m^2)' 'watt/m2 '
CRHCHECK 'RHCHECK ' 'SM P L1 ' 'Net precip due to supersaturation above critical RH (mm/day)' 'mm/day '
CDHDQA 'DHDQA ' 'SM L1 ' 'Derivative of Sensible Heat wrt Canopy Humidity (W/m^2)' 'watt/m2 '
CDEDQA 'DEDQA ' 'SM L1 ' 'Derivative of Latent Heat wrt Canopy Humidity (W/m^2)' 'watt/m2 '
CDTC 'DTC ' 'SM L1 ' 'Total Change in Canopy Temperature (deg/sec)' 'K/sec '
CDQC 'DQC ' 'SM L1 ' 'Change in Canopy Humidity (kg/kg/sec)' 'sec-1 '
CTCDTC 'TCDTC ' 'SM L1 ' 'Change in Canopy Temperature - Energy Term (deg/sec)' 'K/sec '
CRADDTC 'RADDTC ' 'SM L1 ' 'Change in Canopy Temperature - Net Radiation Term (deg/sec)' 'K/sec '
CSENSDTC 'SENSDTC ' 'SM L1 ' 'Change in Canopy Temperature - Sensible Heat Term (deg/sec)' 'K/sec '
CLATDTC 'LATDTC ' 'SM L1 ' 'Change in Canopy Temperature - Latent Heat Term (deg/sec)' 'K/sec '
CTDDTC 'TDDTC ' 'SM L1 ' 'Change in Canopy Temperature - Ground Temp Term (deg/sec)' 'K/sec '
CQCDTC 'QCDTC ' 'SM L1 ' 'Change in Canopy Temperature - Humidity Term (deg/sec)' 'K/sec '
CTRBQLIQ 'TRBQLIQ ' 'SM ML ' 'Cloud Liquid Water Generated in Turbulence (mg/kg)' 'mg/kg '
CTRBFCC 'TRBFCC ' 'SM ML ' 'Cloud Fraction Generated in Turbulence (fraction)' '0-1 '
CALBEDO 'ALBEDO ' 'SM C210L1 ' 'Mean Surface Albedo (SW_Up/SW_Down) 0-1 ' '0-1 '
CALBVISDR 'ALBVISDR' 'SM L1 ' 'Direct Beam VIS Surface Albedo (0-1) ' '0-1 '
CALBVISDF 'ALBVISDF' 'SM L1 ' 'Diffuse Beam VIS Surface Albedo (0-1) ' '0-1 '
CALBNIRDR 'ALBNIRDR' 'SM L1 ' 'Direct Beam NIR Surface Albedo (0-1) ' '0-1 '
CALBNIRDF 'ALBNIRDF' 'SM L1 ' 'Diffuse Beam NIR Surface Albedo (0-1) ' '0-1 '
CTAUAVE 'TAUAVE ' 'SM ML ' 'Averaged Cloud Optical Depth (non-dimensional) per 100 mb' 'non-dimensional '
CALBEDOC 'ALBEDOC ' 'SM D L1 ' 'Surface Albedo Counter' 'count '
CRHCHECKT 'RHCHECKT' 'SM ML ' 'Temperature Change due to humidity above critical RH (K/day)' 'K/day '
CRHCHECKQ 'RHCHECKQ' 'SM ML ' 'Spec.Humid. Change due to humidity above critical RH (g/kg/day)' 'g/kg/day '
CCLDLSP 'CLDLSP ' 'SM P ML ' 'Large-Scale Cloud Fraction (0-1)' '0-1 '
CLZLOW 'LZLOW ' 'SM P L1 ' 'Vert integrated low-level (below 700mb) cloud water (mg/cm**2)' 'mg/cm2 '
CLZMID 'LZMID ' 'SM P L1 ' 'Vert integrated mid-level (700-400mb) cloud water (mg/cm**2)' 'mg/cm2 '
CLZHI 'LZHI ' 'SM P L1 ' 'Vert integrated high-level (above 400mb) cloud water (mg/cm**2)' 'mg/cm2 '
CLZTOT 'LZTOT ' 'SM P L1 ' 'Vertically integrated total suspended cloud water (mg/cm**2)' 'mg/cm2 '
CCAPE 'CAPE ' 'SM P L1 ' 'Convective Available Potential Energy' 'mb m2/sec2 '
CHSUBCL 'HSUBCL ' 'SM P L1 ' 'Moist Static Energy in RAS subcloud layer' 'm2/sec2 '
CHSTAR 'HSTAR ' 'SM P ML ' 'Saturation Moist Static Energy' 'm2/sec2 '
CCONT 'CONT ' 'SM ML ' 'Temperature Tendency due to Convective Precipitation (K/day)' 'K/day '
CCONQ 'CONQ ' 'SM ML ' 'Moisture Tendency due to Convective Precipitation (g/kg/day)' 'g/kg/day '
CLST 'LST ' 'SM ML ' 'Temperature Tendency due to Large Scale Precipitation (K/day)' 'K/day '
CLSQ 'LSQ ' 'SM ML ' 'Moisture Tendency due to Large Scale Precipitation (g/kg/day)' 'g/kg/day '
CCONEVPT 'CONEVPT ' 'SM ML ' 'Temperature Tendency due to Conv Rain Re-evaporation (K/day)' 'K/day '
CCONEVPQ 'CONEVPQ ' 'SM ML ' 'Moisture Tendency due to Conv Rain Re-evaporation (g/kg/day)' 'g/kg/day '
CLSEVPT 'LSEVPT ' 'SM ML ' 'Temperature Tendency due to Large Scale Rain Re-evap (K/day)' 'K/day '
CLSEVPQ 'LSEVPQ ' 'SM ML ' 'Moisture Tendency due to Large Scale Rain Re-evap (g/kg/day)' 'g/kg/day '
CGWCUMID 'GWCUMID ' 'UM 230L1 ' 'Mid-Lev Mean U-Wind for Gravity Wave Drag w/Clouds (m/sec)' 'm/sec '
CGWCVMID 'GWCVMID ' 'VM 229L1 ' 'Mid-Lev Mean V-Wind for Gravity Wave Drag w/Clouds (m/sec)' 'm/sec '
CCLDSTD 'CLDSTD ' 'SM L1 ' 'Mid-Lev Cloud Perturb Length for Gravity Wave Drag w/Clouds (m)' 'm '
CGWCUBAR 'GWCUBAR ' 'UM 233L1 ' 'Mid-Lev Perturb U-Wind for Gravity Wave Drag w/Clouds (m/sec)' 'm/sec '
CGWCVBAR 'GWCVBAR ' 'VM 232L1 ' 'Mid-Lev Perturb V-Wind for Gravity Wave Drag w/Clouds (m/sec)' 'm/sec '
CGWCUS 'GWCUS ' 'UM 235L1 ' 'Mid-Lev U-Wind Stress for Gravity Wave Drag w/Clouds (N/m^2)' 'N/m2 '
CGWCVS 'GWCVS ' 'VM 234L1 ' 'Mid-Lev V-Wind Stress for Gravity Wave Drag w/Clouds (N/m^2)' 'N/m2 '
CGWCU 'GWCU ' 'UM 237ML ' 'U-Wind Tendency due to Gravity Wave Drag w/Clouds (m/s/day)' 'm/sec/day '
CGWCV 'GWCV ' 'VM 236ML ' 'V-Wind Tendency due to Gravity Wave Drag w/Clouds (m/s/day)' 'm/sec/day '
CETAN 'ETAN ' 'SM M1 ' 'Perturbation of Surface (pressure, height) (hPa,m)' 'm or hPa '
CETANSQ 'ETANSQ ' 'SM M1 ' 'Square of Perturbation of Sfc (hPa^2,m^2)' 'm2 or hPa2 '
CTHETA 'THETA ' 'SM MR ' 'Potential Temperature (K)' 'K '
CSALT 'SALT ' 'SM MR ' 'Salt or Water Vapor mixing ratio (g/kg)' 'g/kg '
CUVEL 'UVEL ' 'UU 243MR ' 'Zonal Component of Velocity (m/s)' 'm/sec '
CVVEL 'VVEL ' 'VV 242MR ' 'Meridional Component of Velocity (m/s)' 'm/sec '
CWVEL 'WVEL ' 'WM LR ' 'Vertical Component of Velocity (m/s)' 'm/sec '
CTHETASQ 'THETASQ ' 'SM MR ' 'Square of Potential Temperature (K^2)' 'K2 '
CSALTSQ 'SALTSQ ' 'SM MR ' 'Square of Salt or Water Vapor mix rat (g^2/kg^2)' 'g2/kg2 '
CUVELSQ 'UVELSQ ' 'UU 248MR ' 'Square of Zonal Comp of Velocity (m^2/s^2)' 'm2/sec2 '
CVVELSQ 'VVELSQ ' 'VV 247MR ' 'Square of Meridional Comp of Velocity (m^2/s^2)' 'm2/sec2 '
CWVELSQ 'WVELSQ ' 'WM LR ' 'Square of Vertical Comp of Velocity (m^2/s^2)' 'm2/sec2 '
CUVELVVEL 'UVELVVEL' 'UZ 250MR ' 'Meridional Transport of Zonal Momentum (m^2/s^2)' 'm2/sec2 '
CUVELMASS 'UVELMASS' 'UU 252MR ' 'Zonal Mass-Weighted Comp of Velocity (m/s)' 'm/sec '
CVVELMASS 'VVELMASS' 'VV 251MR ' 'Meridional Mass-Weighted Comp of Velocity (m/s)' 'm/sec '
CWVELMASS 'WVELMASS' 'WM MR ' 'Vertical Mass-Weighted Comp of Velocity (m/s)' 'm/sec '
CUTHMASS 'UTHMASS ' 'UU 255MR ' 'Zonal Mass-Weight Transp of Pot Temp (m-K/s)' 'm-K/sec '
CVTHMASS 'VTHMASS ' 'VV 254MR ' 'Meridional Mass-Weight Transp of Pot Temp (m-K/s)' 'm-K/sec '
CWTHMASS 'WTHMASS ' 'WM MR ' 'Vertical Mass-Weight Transp of Pot Temp (m-K/s)' 'm-K/sec '
CUSLTMASS 'USLTMASS' 'UU 258MR ' 'Zonal Mass-Weight Transp of Salt (m-kg/s-kg)' 'm-kg/s-kg '
CVSLTMASS 'VSLTMASS' 'VV 257MR ' 'Meridional Mass-Weight Transp of Salt (m-kg/s-kg)' 'm-kg/s-kg '
CWSLTMASS 'WSLTMASS' 'WM MR ' 'Vertical Mass-Weight Transp of Salt (m-kg/s-kg)' 'm-kg/s-kg '
CUVELTH 'UVELTH ' 'UU 261MR ' 'Zonal Transp of Pot Temp (m-K/s)' 'm-K/sec '
CVVELTH 'VVELTH ' 'VV 260MR ' 'Meridional Transp of Pot Temp (m-K/s)' 'm-K/sec '
CWVELTH 'WVELTH ' 'WM MR ' 'Vertical Transp of Pot Temp (m-K/s)' 'm-K/sec '
CUVELSLT 'UVELSLT ' 'UU 264MR ' 'Zonal Transp of Salt (m-kg/s-kg)' 'm-kg/s-kg '
CVVELSLT 'VVELSLT ' 'VV 263MR ' 'Meridional Transp of Salt (m-kg/s-kg)' 'm-kg/s-kg '
CWVELSLT 'WVELSLT ' 'WM MR ' 'Vertical Transp of Salt (m-kg/s-kg)' 'm-kg/s-kg '
CUTRAC1 'UTRAC1 ' 'UU 267MR ' 'Zonal Mass-Weighted Transp of Tracer 1 (m-kg/s-kg)' 'm-kg/s-kg '
CVTRAC1 'VTRAC1 ' 'VV 266MR ' 'Merid Mass-Weighted Transp of Tracer 1 (m-kg/s-kg)' 'm-kg/s-kg '
CWTRAC1 'WTRAC1 ' 'WM MR ' 'Vert Mass-Weighted Transp of Tracer 1 (m-kg/s-kg)' 'm-kg/s-kg '
CUTRAC2 'UTRAC2 ' 'UU 270MR ' 'Zonal Mass-Weighted Transp of Tracer 2 (m-kg/s-kg)' 'm-kg/s-kg '
CVTRAC2 'VTRAC2 ' 'VV 269MR ' 'Merid Mass-Weighted Transp of Tracer 2 (m-kg/s-kg)' 'm-kg/s-kg '
CWTRAC2 'WTRAC2 ' 'WM MR ' 'Vert Mass-Weighted Transp of Tracer 2 (m-kg/s-kg)' 'm-kg/s-kg '
CUTRAC3 'UTRAC3 ' 'UU 273MR ' 'Zonal Mass-Weighted Transp of Tracer 3 (m-kg/s-kg)' 'm-kg/s-kg '
CVTRAC3 'VTRAC3 ' 'VV 272MR ' 'Merid Mass-Weighted Transp of Tracer 3 (m-kg/s-kg)' 'm-kg/s-kg '
CWTRAC3 'WTRAC3 ' 'WM MR ' 'Vert Mass-Weighted Transp of Tracer 3 (m-kg/s-kg)' 'm-kg/s-kg '
CUTRAC4 'UTRAC4 ' 'UU 276MR ' 'Zonal Mass-Weighted Transp of Tracer 4 (m-kg/s-kg)' 'm-kg/s-kg '
CVTRAC4 'VTRAC4 ' 'VV 275MR ' 'Merid Mass-Weighted Transp of Tracer 4 (m-kg/s-kg)' 'm-kg/s-kg '
CWTRAC4 'WTRAC4 ' 'WM MR ' 'Vert Mass-Weighted Transp of Tracer 4 (m-kg/s-kg)' 'm-kg/s-kg '
CUTRAC5 'UTRAC5 ' 'UU 279MR ' 'Zonal Mass-Weighted Transp of Tracer 5 (m-kg/s-kg)' 'm-kg/s-kg '
CVTRAC5 'VTRAC5 ' 'VV 278MR ' 'Merid Mass-Weighted Transp of Tracer 5 (m-kg/s-kg)' 'm-kg/s-kg '
CWTRAC5 'WTRAC5 ' 'WM MR ' 'Vert Mass-Weighted Transp of Tracer 5 (m-kg/s-kg)' 'm-kg/s-kg '
CTRAC1 'TRAC1 ' 'SM P MR ' 'Mass-Weighted Tracer 1 ()' 'kg/kg '
CTRAC2 'TRAC2 ' 'SM P MR ' 'Mass-Weighted Tracer 2 ()' 'kg/kg '
CTRAC3 'TRAC3 ' 'SM P MR ' 'Mass-Weighted Tracer 3 ()' 'kg/kg '
CTRAC4 'TRAC4 ' 'SM P MR ' 'Mass-Weighted Tracer 4 ()' 'kg/kg '
CTRAC5 'TRAC5 ' 'SM P MR ' 'Mass-Weighted Tracer 5 ()' 'kg/kg '
CDICBIOA 'DICBIOA ' 'SM P MR ' 'Biological Productivity (mol/m3/s)' 'mol/m3/sec '
CDICCARB 'DICCARB ' 'SM P MR ' 'Carbonate chg-biol prod and remin (mol eq/m3/s)' 'mol eq/m3/sec '
CDICTFLX 'DICTFLX ' 'SM P L1 ' 'Tendency of DIC due to air-sea exch (mol/m3/s)' 'mol/m3/sec '
CDICOFLX 'DICOFLX ' 'SM P L1 ' 'Tendency of O2 due to air-sea exch (mol/m3/s)' 'mol/m3/sec '
CDICCFLX 'DICCFLX ' 'SM P L1 ' 'Flux of CO2 - air-sea exch (mol/m2/s)' 'mol/m2/sec '
CDICPCO2 'DICPCO2 ' 'SM P M1 ' 'Partial Pressure of CO2 (atm)' 'atm '
CDICPHAV 'DICPHAV ' 'SM P M1 ' 'pH (dimensionless)' 'dimensionless '
CDTCONV 'DTCONV ' 'SM MR ' 'Temp Change due to Convection (K/sec)' 'k/sec '
CDQCONV 'DQCONV ' 'SM MR ' 'Humidity Change due to Convection (g/kg/sec)' 'g/kg/sec '
CRELHUM 'RELHUM ' 'SM MR ' 'Relative Humidity (fraction)' 'Fraction '
CPRECLS 'PRECLS ' 'SM M1 ' 'Large Scale Precipitation (g/m2/sec)' 'g/m2/sec '
CENPREC 'ENPREC ' 'SM M1 ' 'Energy of Precipitation (snow, rain Temp) in (J/g)' 'J/g '
CVISCA4 'VISCA4 ' 'SM MR ' 'Biharmonic Viscosity Coefficient in (m4/s) ' 'm4/sec '
